Archive member included to satisfy reference by file (symbol)

/home/luis/Documentos/T.R/stm32f103c8t6/libopencm3/lib/libopencm3_stm32f1.a(gpio.o)
                              main.o (gpio_set_mode)
/home/luis/Documentos/T.R/stm32f103c8t6/libopencm3/lib/libopencm3_stm32f1.a(gpio_common_all.o)
                              main.o (gpio_toggle)
/home/luis/Documentos/T.R/stm32f103c8t6/libopencm3/lib/libopencm3_stm32f1.a(rcc.o)
                              config.o (rcc_clock_setup_in_hse_8mhz_out_72mhz)
/home/luis/Documentos/T.R/stm32f103c8t6/libopencm3/lib/libopencm3_stm32f1.a(rcc_common_all.o)
                              main.o (rcc_periph_clock_enable)
/home/luis/Documentos/T.R/stm32f103c8t6/libopencm3/lib/libopencm3_stm32f1.a(vector.o)
                              (reset_handler)
/home/luis/Documentos/T.R/stm32f103c8t6/libopencm3/lib/libopencm3_stm32f1.a(assert.o)
                              /home/luis/Documentos/T.R/stm32f103c8t6/libopencm3/lib/libopencm3_stm32f1.a(rcc.o) (cm3_assert_failed)
/home/luis/Documentos/T.R/stm32f103c8t6/libopencm3/lib/libopencm3_stm32f1.a(flash_common_all.o)
                              /home/luis/Documentos/T.R/stm32f103c8t6/libopencm3/lib/libopencm3_stm32f1.a(rcc.o) (flash_set_ws)

Discarded input sections

 .text          0x00000000        0x0 main.o
 .data          0x00000000        0x0 main.o
 .bss           0x00000000        0x0 main.o
 .text          0x00000000        0x0 config.o
 .data          0x00000000        0x0 config.o
 .bss           0x00000000        0x0 config.o
 .text          0x00000000        0x0 rtos/heap_4.o
 .data          0x00000000        0x0 rtos/heap_4.o
 .bss           0x00000000        0x0 rtos/heap_4.o
 .text.xPortGetFreeHeapSize
                0x00000000        0xc rtos/heap_4.o
 .text.xPortGetMinimumEverFreeHeapSize
                0x00000000        0xc rtos/heap_4.o
 .text.vPortInitialiseBlocks
                0x00000000        0x2 rtos/heap_4.o
 .text          0x00000000        0x0 rtos/list.o
 .data          0x00000000        0x0 rtos/list.o
 .bss           0x00000000        0x0 rtos/list.o
 .text.vListInsert
                0x00000000       0x2e rtos/list.o
 .text          0x00000000        0x0 rtos/port.o
 .data          0x00000000        0x0 rtos/port.o
 .bss           0x00000000        0x0 rtos/port.o
 .text.vPortEndScheduler
                0x00000000        0x2 rtos/port.o
 .text          0x00000000        0x0 rtos/tasks.o
 .data          0x00000000        0x0 rtos/tasks.o
 .bss           0x00000000        0x0 rtos/tasks.o
 .text.prvAddCurrentTaskToDelayedList.isra.0
                0x00000000       0x70 rtos/tasks.o
 .text.vTaskEndScheduler
                0x00000000       0x20 rtos/tasks.o
 .text.xTaskGetTickCount
                0x00000000        0xc rtos/tasks.o
 .text.xTaskGetTickCountFromISR
                0x00000000        0xc rtos/tasks.o
 .text.uxTaskGetNumberOfTasks
                0x00000000        0xc rtos/tasks.o
 .text.pcTaskGetName
                0x00000000       0x10 rtos/tasks.o
 .text.vTaskDelay
                0x00000000       0x2c rtos/tasks.o
 .text.vTaskPlaceOnEventList
                0x00000000       0x1c rtos/tasks.o
 .text.vTaskPlaceOnUnorderedEventList
                0x00000000       0x24 rtos/tasks.o
 .text.xTaskRemoveFromEventList
                0x00000000       0x70 rtos/tasks.o
 .text.xTaskRemoveFromUnorderedEventList
                0x00000000       0x5c rtos/tasks.o
 .text.vTaskSetTimeOutState
                0x00000000       0x18 rtos/tasks.o
 .text.xTaskCheckForTimeOut
                0x00000000       0x48 rtos/tasks.o
 .text.vTaskMissedYield
                0x00000000        0xc rtos/tasks.o
 .text.uxTaskResetEventItemValue
                0x00000000       0x18 rtos/tasks.o
 .text.ulTaskNotifyTake
                0x00000000       0x64 rtos/tasks.o
 .text.xTaskNotifyWait
                0x00000000       0x88 rtos/tasks.o
 .text.xTaskGenericNotify
                0x00000000       0xa4 rtos/tasks.o
 .text.xTaskGenericNotifyFromISR
                0x00000000       0xc4 rtos/tasks.o
 .text.vTaskNotifyGiveFromISR
                0x00000000       0xa0 rtos/tasks.o
 .text.xTaskNotifyStateClear
                0x00000000       0x2c rtos/tasks.o
 .text          0x00000000        0x0 rtos/opencm3.o
 .data          0x00000000        0x0 rtos/opencm3.o
 .bss           0x00000000        0x0 rtos/opencm3.o
 .group         0x00000000        0xc /home/luis/Documentos/T.R/stm32f103c8t6/libopencm3/lib/libopencm3_stm32f1.a(gpio.o)
 .group         0x00000000        0xc /home/luis/Documentos/T.R/stm32f103c8t6/libopencm3/lib/libopencm3_stm32f1.a(gpio.o)
 .group         0x00000000        0xc /home/luis/Documentos/T.R/stm32f103c8t6/libopencm3/lib/libopencm3_stm32f1.a(gpio.o)
 .group         0x00000000        0xc /home/luis/Documentos/T.R/stm32f103c8t6/libopencm3/lib/libopencm3_stm32f1.a(gpio.o)
 .group         0x00000000        0xc /home/luis/Documentos/T.R/stm32f103c8t6/libopencm3/lib/libopencm3_stm32f1.a(gpio.o)
 .group         0x00000000        0xc /home/luis/Documentos/T.R/stm32f103c8t6/libopencm3/lib/libopencm3_stm32f1.a(gpio.o)
 .group         0x00000000        0xc /home/luis/Documentos/T.R/stm32f103c8t6/libopencm3/lib/libopencm3_stm32f1.a(gpio.o)
 .group         0x00000000        0xc /home/luis/Documentos/T.R/stm32f103c8t6/libopencm3/lib/libopencm3_stm32f1.a(gpio.o)
 .group         0x00000000        0xc /home/luis/Documentos/T.R/stm32f103c8t6/libopencm3/lib/libopencm3_stm32f1.a(gpio.o)
 .text          0x00000000        0x0 /home/luis/Documentos/T.R/stm32f103c8t6/libopencm3/lib/libopencm3_stm32f1.a(gpio.o)
 .data          0x00000000        0x0 /home/luis/Documentos/T.R/stm32f103c8t6/libopencm3/lib/libopencm3_stm32f1.a(gpio.o)
 .bss           0x00000000        0x0 /home/luis/Documentos/T.R/stm32f103c8t6/libopencm3/lib/libopencm3_stm32f1.a(gpio.o)
 .text.gpio_set_eventout
                0x00000000       0x10 /home/luis/Documentos/T.R/stm32f103c8t6/libopencm3/lib/libopencm3_stm32f1.a(gpio.o)
 .text.gpio_primary_remap
                0x00000000       0x14 /home/luis/Documentos/T.R/stm32f103c8t6/libopencm3/lib/libopencm3_stm32f1.a(gpio.o)
 .text.gpio_secondary_remap
                0x00000000       0x10 /home/luis/Documentos/T.R/stm32f103c8t6/libopencm3/lib/libopencm3_stm32f1.a(gpio.o)
 .group         0x00000000        0xc /home/luis/Documentos/T.R/stm32f103c8t6/libopencm3/lib/libopencm3_stm32f1.a(gpio_common_all.o)
 .group         0x00000000        0xc /home/luis/Documentos/T.R/stm32f103c8t6/libopencm3/lib/libopencm3_stm32f1.a(gpio_common_all.o)
 .group         0x00000000        0xc /home/luis/Documentos/T.R/stm32f103c8t6/libopencm3/lib/libopencm3_stm32f1.a(gpio_common_all.o)
 .group         0x00000000        0xc /home/luis/Documentos/T.R/stm32f103c8t6/libopencm3/lib/libopencm3_stm32f1.a(gpio_common_all.o)
 .group         0x00000000        0xc /home/luis/Documentos/T.R/stm32f103c8t6/libopencm3/lib/libopencm3_stm32f1.a(gpio_common_all.o)
 .group         0x00000000        0xc /home/luis/Documentos/T.R/stm32f103c8t6/libopencm3/lib/libopencm3_stm32f1.a(gpio_common_all.o)
 .group         0x00000000        0xc /home/luis/Documentos/T.R/stm32f103c8t6/libopencm3/lib/libopencm3_stm32f1.a(gpio_common_all.o)
 .group         0x00000000        0xc /home/luis/Documentos/T.R/stm32f103c8t6/libopencm3/lib/libopencm3_stm32f1.a(gpio_common_all.o)
 .group         0x00000000        0xc /home/luis/Documentos/T.R/stm32f103c8t6/libopencm3/lib/libopencm3_stm32f1.a(gpio_common_all.o)
 .text          0x00000000        0x0 /home/luis/Documentos/T.R/stm32f103c8t6/libopencm3/lib/libopencm3_stm32f1.a(gpio_common_all.o)
 .data          0x00000000        0x0 /home/luis/Documentos/T.R/stm32f103c8t6/libopencm3/lib/libopencm3_stm32f1.a(gpio_common_all.o)
 .bss           0x00000000        0x0 /home/luis/Documentos/T.R/stm32f103c8t6/libopencm3/lib/libopencm3_stm32f1.a(gpio_common_all.o)
 .text.gpio_set
                0x00000000        0x4 /home/luis/Documentos/T.R/stm32f103c8t6/libopencm3/lib/libopencm3_stm32f1.a(gpio_common_all.o)
 .text.gpio_clear
                0x00000000        0x6 /home/luis/Documentos/T.R/stm32f103c8t6/libopencm3/lib/libopencm3_stm32f1.a(gpio_common_all.o)
 .text.gpio_get
                0x00000000        0x6 /home/luis/Documentos/T.R/stm32f103c8t6/libopencm3/lib/libopencm3_stm32f1.a(gpio_common_all.o)
 .text.gpio_port_read
                0x00000000        0x6 /home/luis/Documentos/T.R/stm32f103c8t6/libopencm3/lib/libopencm3_stm32f1.a(gpio_common_all.o)
 .text.gpio_port_write
                0x00000000        0x4 /home/luis/Documentos/T.R/stm32f103c8t6/libopencm3/lib/libopencm3_stm32f1.a(gpio_common_all.o)
 .text.gpio_port_config_lock
                0x00000000       0x10 /home/luis/Documentos/T.R/stm32f103c8t6/libopencm3/lib/libopencm3_stm32f1.a(gpio_common_all.o)
 .debug_macro   0x00000000      0xac0 /home/luis/Documentos/T.R/stm32f103c8t6/libopencm3/lib/libopencm3_stm32f1.a(gpio_common_all.o)
 .debug_macro   0x00000000       0x1c /home/luis/Documentos/T.R/stm32f103c8t6/libopencm3/lib/libopencm3_stm32f1.a(gpio_common_all.o)
 .debug_macro   0x00000000      0x34e /home/luis/Documentos/T.R/stm32f103c8t6/libopencm3/lib/libopencm3_stm32f1.a(gpio_common_all.o)
 .debug_macro   0x00000000       0x22 /home/luis/Documentos/T.R/stm32f103c8t6/libopencm3/lib/libopencm3_stm32f1.a(gpio_common_all.o)
 .debug_macro   0x00000000       0xe8 /home/luis/Documentos/T.R/stm32f103c8t6/libopencm3/lib/libopencm3_stm32f1.a(gpio_common_all.o)
 .debug_macro   0x00000000       0x76 /home/luis/Documentos/T.R/stm32f103c8t6/libopencm3/lib/libopencm3_stm32f1.a(gpio_common_all.o)
 .debug_macro   0x00000000      0x1b4 /home/luis/Documentos/T.R/stm32f103c8t6/libopencm3/lib/libopencm3_stm32f1.a(gpio_common_all.o)
 .debug_macro   0x00000000       0x76 /home/luis/Documentos/T.R/stm32f103c8t6/libopencm3/lib/libopencm3_stm32f1.a(gpio_common_all.o)
 .debug_macro   0x00000000      0xe2e /home/luis/Documentos/T.R/stm32f103c8t6/libopencm3/lib/libopencm3_stm32f1.a(gpio_common_all.o)
 .group         0x00000000        0xc /home/luis/Documentos/T.R/stm32f103c8t6/libopencm3/lib/libopencm3_stm32f1.a(rcc.o)
 .group         0x00000000        0xc /home/luis/Documentos/T.R/stm32f103c8t6/libopencm3/lib/libopencm3_stm32f1.a(rcc.o)
 .group         0x00000000        0xc /home/luis/Documentos/T.R/stm32f103c8t6/libopencm3/lib/libopencm3_stm32f1.a(rcc.o)
 .group         0x00000000        0xc /home/luis/Documentos/T.R/stm32f103c8t6/libopencm3/lib/libopencm3_stm32f1.a(rcc.o)
 .group         0x00000000        0xc /home/luis/Documentos/T.R/stm32f103c8t6/libopencm3/lib/libopencm3_stm32f1.a(rcc.o)
 .group         0x00000000        0xc /home/luis/Documentos/T.R/stm32f103c8t6/libopencm3/lib/libopencm3_stm32f1.a(rcc.o)
 .group         0x00000000        0xc /home/luis/Documentos/T.R/stm32f103c8t6/libopencm3/lib/libopencm3_stm32f1.a(rcc.o)
 .group         0x00000000        0xc /home/luis/Documentos/T.R/stm32f103c8t6/libopencm3/lib/libopencm3_stm32f1.a(rcc.o)
 .group         0x00000000        0xc /home/luis/Documentos/T.R/stm32f103c8t6/libopencm3/lib/libopencm3_stm32f1.a(rcc.o)
 .group         0x00000000        0xc /home/luis/Documentos/T.R/stm32f103c8t6/libopencm3/lib/libopencm3_stm32f1.a(rcc.o)
 .group         0x00000000        0xc /home/luis/Documentos/T.R/stm32f103c8t6/libopencm3/lib/libopencm3_stm32f1.a(rcc.o)
 .text          0x00000000        0x0 /home/luis/Documentos/T.R/stm32f103c8t6/libopencm3/lib/libopencm3_stm32f1.a(rcc.o)
 .data          0x00000000        0x0 /home/luis/Documentos/T.R/stm32f103c8t6/libopencm3/lib/libopencm3_stm32f1.a(rcc.o)
 .bss           0x00000000        0x0 /home/luis/Documentos/T.R/stm32f103c8t6/libopencm3/lib/libopencm3_stm32f1.a(rcc.o)
 .text.rcc_osc_ready_int_clear
                0x00000000       0x5c /home/luis/Documentos/T.R/stm32f103c8t6/libopencm3/lib/libopencm3_stm32f1.a(rcc.o)
 .text.rcc_osc_ready_int_enable
                0x00000000       0x5c /home/luis/Documentos/T.R/stm32f103c8t6/libopencm3/lib/libopencm3_stm32f1.a(rcc.o)
 .text.rcc_osc_ready_int_disable
                0x00000000       0x5c /home/luis/Documentos/T.R/stm32f103c8t6/libopencm3/lib/libopencm3_stm32f1.a(rcc.o)
 .text.rcc_osc_ready_int_flag
                0x00000000       0x54 /home/luis/Documentos/T.R/stm32f103c8t6/libopencm3/lib/libopencm3_stm32f1.a(rcc.o)
 .text.rcc_css_int_clear
                0x00000000       0x10 /home/luis/Documentos/T.R/stm32f103c8t6/libopencm3/lib/libopencm3_stm32f1.a(rcc.o)
 .text.rcc_css_int_flag
                0x00000000       0x10 /home/luis/Documentos/T.R/stm32f103c8t6/libopencm3/lib/libopencm3_stm32f1.a(rcc.o)
 .text.rcc_osc_off
                0x00000000       0x60 /home/luis/Documentos/T.R/stm32f103c8t6/libopencm3/lib/libopencm3_stm32f1.a(rcc.o)
 .text.rcc_css_enable
                0x00000000       0x10 /home/luis/Documentos/T.R/stm32f103c8t6/libopencm3/lib/libopencm3_stm32f1.a(rcc.o)
 .text.rcc_css_disable
                0x00000000       0x10 /home/luis/Documentos/T.R/stm32f103c8t6/libopencm3/lib/libopencm3_stm32f1.a(rcc.o)
 .text.rcc_set_pll2_multiplication_factor
                0x00000000       0x14 /home/luis/Documentos/T.R/stm32f103c8t6/libopencm3/lib/libopencm3_stm32f1.a(rcc.o)
 .text.rcc_set_pll3_multiplication_factor
                0x00000000       0x14 /home/luis/Documentos/T.R/stm32f103c8t6/libopencm3/lib/libopencm3_stm32f1.a(rcc.o)
 .text.rcc_rtc_clock_enabled_flag
                0x00000000       0x10 /home/luis/Documentos/T.R/stm32f103c8t6/libopencm3/lib/libopencm3_stm32f1.a(rcc.o)
 .text.rcc_enable_rtc_clock
                0x00000000       0x10 /home/luis/Documentos/T.R/stm32f103c8t6/libopencm3/lib/libopencm3_stm32f1.a(rcc.o)
 .text.rcc_set_rtc_clock_source
                0x00000000       0x84 /home/luis/Documentos/T.R/stm32f103c8t6/libopencm3/lib/libopencm3_stm32f1.a(rcc.o)
 .text.rcc_set_usbpre
                0x00000000       0x18 /home/luis/Documentos/T.R/stm32f103c8t6/libopencm3/lib/libopencm3_stm32f1.a(rcc.o)
 .text.rcc_set_prediv1
                0x00000000       0x14 /home/luis/Documentos/T.R/stm32f103c8t6/libopencm3/lib/libopencm3_stm32f1.a(rcc.o)
 .text.rcc_set_prediv2
                0x00000000       0x14 /home/luis/Documentos/T.R/stm32f103c8t6/libopencm3/lib/libopencm3_stm32f1.a(rcc.o)
 .text.rcc_set_prediv1_source
                0x00000000       0x18 /home/luis/Documentos/T.R/stm32f103c8t6/libopencm3/lib/libopencm3_stm32f1.a(rcc.o)
 .text.rcc_system_clock_source
                0x00000000       0x10 /home/luis/Documentos/T.R/stm32f103c8t6/libopencm3/lib/libopencm3_stm32f1.a(rcc.o)
 .text.rcc_clock_setup_in_hsi_out_64mhz
                0x00000000       0x70 /home/luis/Documentos/T.R/stm32f103c8t6/libopencm3/lib/libopencm3_stm32f1.a(rcc.o)
 .text.rcc_clock_setup_in_hsi_out_48mhz
                0x00000000       0x7c /home/luis/Documentos/T.R/stm32f103c8t6/libopencm3/lib/libopencm3_stm32f1.a(rcc.o)
 .text.rcc_clock_setup_in_hsi_out_24mhz
                0x00000000       0x60 /home/luis/Documentos/T.R/stm32f103c8t6/libopencm3/lib/libopencm3_stm32f1.a(rcc.o)
 .text.rcc_clock_setup_in_hse_8mhz_out_24mhz
                0x00000000       0x78 /home/luis/Documentos/T.R/stm32f103c8t6/libopencm3/lib/libopencm3_stm32f1.a(rcc.o)
 .text.rcc_clock_setup_in_hse_12mhz_out_72mhz
                0x00000000       0x88 /home/luis/Documentos/T.R/stm32f103c8t6/libopencm3/lib/libopencm3_stm32f1.a(rcc.o)
 .text.rcc_clock_setup_in_hse_16mhz_out_72mhz
                0x00000000       0x88 /home/luis/Documentos/T.R/stm32f103c8t6/libopencm3/lib/libopencm3_stm32f1.a(rcc.o)
 .text.rcc_clock_setup_in_hse_25mhz_out_72mhz
                0x00000000       0xa8 /home/luis/Documentos/T.R/stm32f103c8t6/libopencm3/lib/libopencm3_stm32f1.a(rcc.o)
 .text.rcc_clock_setup_pll
                0x00000000       0xbc /home/luis/Documentos/T.R/stm32f103c8t6/libopencm3/lib/libopencm3_stm32f1.a(rcc.o)
 .text.rcc_backupdomain_reset
                0x00000000       0x18 /home/luis/Documentos/T.R/stm32f103c8t6/libopencm3/lib/libopencm3_stm32f1.a(rcc.o)
 .text.rcc_get_usart_clk_freq
                0x00000000       0x1c /home/luis/Documentos/T.R/stm32f103c8t6/libopencm3/lib/libopencm3_stm32f1.a(rcc.o)
 .text.rcc_get_timer_clk_freq
                0x00000000       0x34 /home/luis/Documentos/T.R/stm32f103c8t6/libopencm3/lib/libopencm3_stm32f1.a(rcc.o)
 .text.rcc_get_i2c_clk_freq
                0x00000000        0xc /home/luis/Documentos/T.R/stm32f103c8t6/libopencm3/lib/libopencm3_stm32f1.a(rcc.o)
 .rodata.rcc_hsi_configs
                0x00000000       0x54 /home/luis/Documentos/T.R/stm32f103c8t6/libopencm3/lib/libopencm3_stm32f1.a(rcc.o)
 .rodata.rcc_hse_configs
                0x00000000       0x8c /home/luis/Documentos/T.R/stm32f103c8t6/libopencm3/lib/libopencm3_stm32f1.a(rcc.o)
 .debug_macro   0x00000000      0xac0 /home/luis/Documentos/T.R/stm32f103c8t6/libopencm3/lib/libopencm3_stm32f1.a(rcc.o)
 .debug_macro   0x00000000       0x1c /home/luis/Documentos/T.R/stm32f103c8t6/libopencm3/lib/libopencm3_stm32f1.a(rcc.o)
 .debug_macro   0x00000000      0x34e /home/luis/Documentos/T.R/stm32f103c8t6/libopencm3/lib/libopencm3_stm32f1.a(rcc.o)
 .debug_macro   0x00000000       0x22 /home/luis/Documentos/T.R/stm32f103c8t6/libopencm3/lib/libopencm3_stm32f1.a(rcc.o)
 .debug_macro   0x00000000       0xe8 /home/luis/Documentos/T.R/stm32f103c8t6/libopencm3/lib/libopencm3_stm32f1.a(rcc.o)
 .debug_macro   0x00000000       0x76 /home/luis/Documentos/T.R/stm32f103c8t6/libopencm3/lib/libopencm3_stm32f1.a(rcc.o)
 .debug_macro   0x00000000      0x1b4 /home/luis/Documentos/T.R/stm32f103c8t6/libopencm3/lib/libopencm3_stm32f1.a(rcc.o)
 .group         0x00000000        0xc /home/luis/Documentos/T.R/stm32f103c8t6/libopencm3/lib/libopencm3_stm32f1.a(rcc_common_all.o)
 .group         0x00000000        0xc /home/luis/Documentos/T.R/stm32f103c8t6/libopencm3/lib/libopencm3_stm32f1.a(rcc_common_all.o)
 .group         0x00000000        0xc /home/luis/Documentos/T.R/stm32f103c8t6/libopencm3/lib/libopencm3_stm32f1.a(rcc_common_all.o)
 .group         0x00000000        0xc /home/luis/Documentos/T.R/stm32f103c8t6/libopencm3/lib/libopencm3_stm32f1.a(rcc_common_all.o)
 .group         0x00000000        0xc /home/luis/Documentos/T.R/stm32f103c8t6/libopencm3/lib/libopencm3_stm32f1.a(rcc_common_all.o)
 .group         0x00000000        0xc /home/luis/Documentos/T.R/stm32f103c8t6/libopencm3/lib/libopencm3_stm32f1.a(rcc_common_all.o)
 .group         0x00000000        0xc /home/luis/Documentos/T.R/stm32f103c8t6/libopencm3/lib/libopencm3_stm32f1.a(rcc_common_all.o)
 .group         0x00000000        0xc /home/luis/Documentos/T.R/stm32f103c8t6/libopencm3/lib/libopencm3_stm32f1.a(rcc_common_all.o)
 .text          0x00000000        0x0 /home/luis/Documentos/T.R/stm32f103c8t6/libopencm3/lib/libopencm3_stm32f1.a(rcc_common_all.o)
 .data          0x00000000        0x0 /home/luis/Documentos/T.R/stm32f103c8t6/libopencm3/lib/libopencm3_stm32f1.a(rcc_common_all.o)
 .bss           0x00000000        0x0 /home/luis/Documentos/T.R/stm32f103c8t6/libopencm3/lib/libopencm3_stm32f1.a(rcc_common_all.o)
 .text.rcc_peripheral_enable_clock
                0x00000000        0x8 /home/luis/Documentos/T.R/stm32f103c8t6/libopencm3/lib/libopencm3_stm32f1.a(rcc_common_all.o)
 .text.rcc_peripheral_disable_clock
                0x00000000        0xa /home/luis/Documentos/T.R/stm32f103c8t6/libopencm3/lib/libopencm3_stm32f1.a(rcc_common_all.o)
 .text.rcc_peripheral_reset
                0x00000000        0x8 /home/luis/Documentos/T.R/stm32f103c8t6/libopencm3/lib/libopencm3_stm32f1.a(rcc_common_all.o)
 .text.rcc_peripheral_clear_reset
                0x00000000        0xa /home/luis/Documentos/T.R/stm32f103c8t6/libopencm3/lib/libopencm3_stm32f1.a(rcc_common_all.o)
 .text.rcc_periph_clock_disable
                0x00000000       0x1c /home/luis/Documentos/T.R/stm32f103c8t6/libopencm3/lib/libopencm3_stm32f1.a(rcc_common_all.o)
 .text.rcc_periph_reset_pulse
                0x00000000       0x22 /home/luis/Documentos/T.R/stm32f103c8t6/libopencm3/lib/libopencm3_stm32f1.a(rcc_common_all.o)
 .text.rcc_periph_reset_hold
                0x00000000        0x4 /home/luis/Documentos/T.R/stm32f103c8t6/libopencm3/lib/libopencm3_stm32f1.a(rcc_common_all.o)
 .text.rcc_periph_reset_release
                0x00000000        0x4 /home/luis/Documentos/T.R/stm32f103c8t6/libopencm3/lib/libopencm3_stm32f1.a(rcc_common_all.o)
 .text.rcc_set_mco
                0x00000000       0x14 /home/luis/Documentos/T.R/stm32f103c8t6/libopencm3/lib/libopencm3_stm32f1.a(rcc_common_all.o)
 .text.rcc_osc_bypass_enable
                0x00000000       0x28 /home/luis/Documentos/T.R/stm32f103c8t6/libopencm3/lib/libopencm3_stm32f1.a(rcc_common_all.o)
 .text.rcc_osc_bypass_disable
                0x00000000       0x28 /home/luis/Documentos/T.R/stm32f103c8t6/libopencm3/lib/libopencm3_stm32f1.a(rcc_common_all.o)
 .text.rcc_get_div_from_hpre
                0x00000000       0x18 /home/luis/Documentos/T.R/stm32f103c8t6/libopencm3/lib/libopencm3_stm32f1.a(rcc_common_all.o)
 .debug_macro   0x00000000      0xac0 /home/luis/Documentos/T.R/stm32f103c8t6/libopencm3/lib/libopencm3_stm32f1.a(rcc_common_all.o)
 .debug_macro   0x00000000       0x1c /home/luis/Documentos/T.R/stm32f103c8t6/libopencm3/lib/libopencm3_stm32f1.a(rcc_common_all.o)
 .debug_macro   0x00000000      0x34e /home/luis/Documentos/T.R/stm32f103c8t6/libopencm3/lib/libopencm3_stm32f1.a(rcc_common_all.o)
 .debug_macro   0x00000000       0x22 /home/luis/Documentos/T.R/stm32f103c8t6/libopencm3/lib/libopencm3_stm32f1.a(rcc_common_all.o)
 .debug_macro   0x00000000       0xe8 /home/luis/Documentos/T.R/stm32f103c8t6/libopencm3/lib/libopencm3_stm32f1.a(rcc_common_all.o)
 .debug_macro   0x00000000       0x76 /home/luis/Documentos/T.R/stm32f103c8t6/libopencm3/lib/libopencm3_stm32f1.a(rcc_common_all.o)
 .debug_macro   0x00000000      0x1b4 /home/luis/Documentos/T.R/stm32f103c8t6/libopencm3/lib/libopencm3_stm32f1.a(rcc_common_all.o)
 .debug_macro   0x00000000      0x8c6 /home/luis/Documentos/T.R/stm32f103c8t6/libopencm3/lib/libopencm3_stm32f1.a(rcc_common_all.o)
 .group         0x00000000        0xc /home/luis/Documentos/T.R/stm32f103c8t6/libopencm3/lib/libopencm3_stm32f1.a(vector.o)
 .group         0x00000000        0xc /home/luis/Documentos/T.R/stm32f103c8t6/libopencm3/lib/libopencm3_stm32f1.a(vector.o)
 .group         0x00000000        0xc /home/luis/Documentos/T.R/stm32f103c8t6/libopencm3/lib/libopencm3_stm32f1.a(vector.o)
 .group         0x00000000        0xc /home/luis/Documentos/T.R/stm32f103c8t6/libopencm3/lib/libopencm3_stm32f1.a(vector.o)
 .group         0x00000000        0xc /home/luis/Documentos/T.R/stm32f103c8t6/libopencm3/lib/libopencm3_stm32f1.a(vector.o)
 .group         0x00000000        0xc /home/luis/Documentos/T.R/stm32f103c8t6/libopencm3/lib/libopencm3_stm32f1.a(vector.o)
 .group         0x00000000        0xc /home/luis/Documentos/T.R/stm32f103c8t6/libopencm3/lib/libopencm3_stm32f1.a(vector.o)
 .group         0x00000000        0xc /home/luis/Documentos/T.R/stm32f103c8t6/libopencm3/lib/libopencm3_stm32f1.a(vector.o)
 .group         0x00000000        0xc /home/luis/Documentos/T.R/stm32f103c8t6/libopencm3/lib/libopencm3_stm32f1.a(vector.o)
 .text          0x00000000        0x0 /home/luis/Documentos/T.R/stm32f103c8t6/libopencm3/lib/libopencm3_stm32f1.a(vector.o)
 .data          0x00000000        0x0 /home/luis/Documentos/T.R/stm32f103c8t6/libopencm3/lib/libopencm3_stm32f1.a(vector.o)
 .bss           0x00000000        0x0 /home/luis/Documentos/T.R/stm32f103c8t6/libopencm3/lib/libopencm3_stm32f1.a(vector.o)
 .debug_macro   0x00000000      0xac0 /home/luis/Documentos/T.R/stm32f103c8t6/libopencm3/lib/libopencm3_stm32f1.a(vector.o)
 .debug_macro   0x00000000       0x76 /home/luis/Documentos/T.R/stm32f103c8t6/libopencm3/lib/libopencm3_stm32f1.a(vector.o)
 .debug_macro   0x00000000       0x1c /home/luis/Documentos/T.R/stm32f103c8t6/libopencm3/lib/libopencm3_stm32f1.a(vector.o)
 .debug_macro   0x00000000      0x34e /home/luis/Documentos/T.R/stm32f103c8t6/libopencm3/lib/libopencm3_stm32f1.a(vector.o)
 .debug_macro   0x00000000       0x22 /home/luis/Documentos/T.R/stm32f103c8t6/libopencm3/lib/libopencm3_stm32f1.a(vector.o)
 .debug_macro   0x00000000       0xe8 /home/luis/Documentos/T.R/stm32f103c8t6/libopencm3/lib/libopencm3_stm32f1.a(vector.o)
 .group         0x00000000        0xc /home/luis/Documentos/T.R/stm32f103c8t6/libopencm3/lib/libopencm3_stm32f1.a(assert.o)
 .group         0x00000000        0xc /home/luis/Documentos/T.R/stm32f103c8t6/libopencm3/lib/libopencm3_stm32f1.a(assert.o)
 .group         0x00000000        0xc /home/luis/Documentos/T.R/stm32f103c8t6/libopencm3/lib/libopencm3_stm32f1.a(assert.o)
 .group         0x00000000        0xc /home/luis/Documentos/T.R/stm32f103c8t6/libopencm3/lib/libopencm3_stm32f1.a(assert.o)
 .group         0x00000000        0xc /home/luis/Documentos/T.R/stm32f103c8t6/libopencm3/lib/libopencm3_stm32f1.a(assert.o)
 .group         0x00000000        0xc /home/luis/Documentos/T.R/stm32f103c8t6/libopencm3/lib/libopencm3_stm32f1.a(assert.o)
 .text          0x00000000        0x0 /home/luis/Documentos/T.R/stm32f103c8t6/libopencm3/lib/libopencm3_stm32f1.a(assert.o)
 .data          0x00000000        0x0 /home/luis/Documentos/T.R/stm32f103c8t6/libopencm3/lib/libopencm3_stm32f1.a(assert.o)
 .bss           0x00000000        0x0 /home/luis/Documentos/T.R/stm32f103c8t6/libopencm3/lib/libopencm3_stm32f1.a(assert.o)
 .text.cm3_assert_failed
                0x00000000        0x2 /home/luis/Documentos/T.R/stm32f103c8t6/libopencm3/lib/libopencm3_stm32f1.a(assert.o)
 .text.cm3_assert_failed_verbose
                0x00000000        0x6 /home/luis/Documentos/T.R/stm32f103c8t6/libopencm3/lib/libopencm3_stm32f1.a(assert.o)
 .debug_info    0x00000000      0x101 /home/luis/Documentos/T.R/stm32f103c8t6/libopencm3/lib/libopencm3_stm32f1.a(assert.o)
 .debug_abbrev  0x00000000       0x94 /home/luis/Documentos/T.R/stm32f103c8t6/libopencm3/lib/libopencm3_stm32f1.a(assert.o)
 .debug_loclists
                0x00000000       0x80 /home/luis/Documentos/T.R/stm32f103c8t6/libopencm3/lib/libopencm3_stm32f1.a(assert.o)
 .debug_aranges
                0x00000000       0x28 /home/luis/Documentos/T.R/stm32f103c8t6/libopencm3/lib/libopencm3_stm32f1.a(assert.o)
 .debug_rnglists
                0x00000000       0x19 /home/luis/Documentos/T.R/stm32f103c8t6/libopencm3/lib/libopencm3_stm32f1.a(assert.o)
 .debug_macro   0x00000000       0x40 /home/luis/Documentos/T.R/stm32f103c8t6/libopencm3/lib/libopencm3_stm32f1.a(assert.o)
 .debug_macro   0x00000000      0xac0 /home/luis/Documentos/T.R/stm32f103c8t6/libopencm3/lib/libopencm3_stm32f1.a(assert.o)
 .debug_macro   0x00000000       0x1c /home/luis/Documentos/T.R/stm32f103c8t6/libopencm3/lib/libopencm3_stm32f1.a(assert.o)
 .debug_macro   0x00000000      0x34e /home/luis/Documentos/T.R/stm32f103c8t6/libopencm3/lib/libopencm3_stm32f1.a(assert.o)
 .debug_macro   0x00000000       0x22 /home/luis/Documentos/T.R/stm32f103c8t6/libopencm3/lib/libopencm3_stm32f1.a(assert.o)
 .debug_macro   0x00000000       0xe8 /home/luis/Documentos/T.R/stm32f103c8t6/libopencm3/lib/libopencm3_stm32f1.a(assert.o)
 .debug_macro   0x00000000       0x16 /home/luis/Documentos/T.R/stm32f103c8t6/libopencm3/lib/libopencm3_stm32f1.a(assert.o)
 .debug_line    0x00000000       0xdf /home/luis/Documentos/T.R/stm32f103c8t6/libopencm3/lib/libopencm3_stm32f1.a(assert.o)
 .debug_str     0x00000000     0x3e05 /home/luis/Documentos/T.R/stm32f103c8t6/libopencm3/lib/libopencm3_stm32f1.a(assert.o)
 .comment       0x00000000       0x27 /home/luis/Documentos/T.R/stm32f103c8t6/libopencm3/lib/libopencm3_stm32f1.a(assert.o)
 .debug_frame   0x00000000       0x38 /home/luis/Documentos/T.R/stm32f103c8t6/libopencm3/lib/libopencm3_stm32f1.a(assert.o)
 .ARM.attributes
                0x00000000       0x2d /home/luis/Documentos/T.R/stm32f103c8t6/libopencm3/lib/libopencm3_stm32f1.a(assert.o)
 .group         0x00000000        0xc /home/luis/Documentos/T.R/stm32f103c8t6/libopencm3/lib/libopencm3_stm32f1.a(flash_common_all.o)
 .group         0x00000000        0xc /home/luis/Documentos/T.R/stm32f103c8t6/libopencm3/lib/libopencm3_stm32f1.a(flash_common_all.o)
 .group         0x00000000        0xc /home/luis/Documentos/T.R/stm32f103c8t6/libopencm3/lib/libopencm3_stm32f1.a(flash_common_all.o)
 .group         0x00000000        0xc /home/luis/Documentos/T.R/stm32f103c8t6/libopencm3/lib/libopencm3_stm32f1.a(flash_common_all.o)
 .group         0x00000000        0xc /home/luis/Documentos/T.R/stm32f103c8t6/libopencm3/lib/libopencm3_stm32f1.a(flash_common_all.o)
 .group         0x00000000        0xc /home/luis/Documentos/T.R/stm32f103c8t6/libopencm3/lib/libopencm3_stm32f1.a(flash_common_all.o)
 .group         0x00000000        0xc /home/luis/Documentos/T.R/stm32f103c8t6/libopencm3/lib/libopencm3_stm32f1.a(flash_common_all.o)
 .group         0x00000000        0xc /home/luis/Documentos/T.R/stm32f103c8t6/libopencm3/lib/libopencm3_stm32f1.a(flash_common_all.o)
 .group         0x00000000        0xc /home/luis/Documentos/T.R/stm32f103c8t6/libopencm3/lib/libopencm3_stm32f1.a(flash_common_all.o)
 .text          0x00000000        0x0 /home/luis/Documentos/T.R/stm32f103c8t6/libopencm3/lib/libopencm3_stm32f1.a(flash_common_all.o)
 .data          0x00000000        0x0 /home/luis/Documentos/T.R/stm32f103c8t6/libopencm3/lib/libopencm3_stm32f1.a(flash_common_all.o)
 .bss           0x00000000        0x0 /home/luis/Documentos/T.R/stm32f103c8t6/libopencm3/lib/libopencm3_stm32f1.a(flash_common_all.o)
 .text.flash_prefetch_enable
                0x00000000       0x10 /home/luis/Documentos/T.R/stm32f103c8t6/libopencm3/lib/libopencm3_stm32f1.a(flash_common_all.o)
 .text.flash_prefetch_disable
                0x00000000       0x10 /home/luis/Documentos/T.R/stm32f103c8t6/libopencm3/lib/libopencm3_stm32f1.a(flash_common_all.o)
 .text.flash_unlock_option_bytes
                0x00000000       0x18 /home/luis/Documentos/T.R/stm32f103c8t6/libopencm3/lib/libopencm3_stm32f1.a(flash_common_all.o)
 .debug_macro   0x00000000      0xac0 /home/luis/Documentos/T.R/stm32f103c8t6/libopencm3/lib/libopencm3_stm32f1.a(flash_common_all.o)
 .debug_macro   0x00000000       0x1c /home/luis/Documentos/T.R/stm32f103c8t6/libopencm3/lib/libopencm3_stm32f1.a(flash_common_all.o)
 .debug_macro   0x00000000      0x34e /home/luis/Documentos/T.R/stm32f103c8t6/libopencm3/lib/libopencm3_stm32f1.a(flash_common_all.o)
 .debug_macro   0x00000000       0x22 /home/luis/Documentos/T.R/stm32f103c8t6/libopencm3/lib/libopencm3_stm32f1.a(flash_common_all.o)
 .debug_macro   0x00000000       0xe8 /home/luis/Documentos/T.R/stm32f103c8t6/libopencm3/lib/libopencm3_stm32f1.a(flash_common_all.o)
 .debug_macro   0x00000000       0x76 /home/luis/Documentos/T.R/stm32f103c8t6/libopencm3/lib/libopencm3_stm32f1.a(flash_common_all.o)
 .debug_macro   0x00000000      0x1b4 /home/luis/Documentos/T.R/stm32f103c8t6/libopencm3/lib/libopencm3_stm32f1.a(flash_common_all.o)
 .debug_macro   0x00000000       0xee /home/luis/Documentos/T.R/stm32f103c8t6/libopencm3/lib/libopencm3_stm32f1.a(flash_common_all.o)
 .debug_macro   0x00000000       0x82 /home/luis/Documentos/T.R/stm32f103c8t6/libopencm3/lib/libopencm3_stm32f1.a(flash_common_all.o)

Memory Configuration

Name             Origin             Length             Attributes
rom              0x08000000         0x00010000         xr
ram              0x20000000         0x00005000         xrw
*default*        0x00000000         0xffffffff

Linker script and memory map

LOAD main.o
LOAD config.o
LOAD rtos/heap_4.o
LOAD rtos/list.o
LOAD rtos/port.o
LOAD rtos/tasks.o
LOAD rtos/opencm3.o
START GROUP
LOAD /usr/lib/gcc/arm-none-eabi/13.2.1/../../../arm-none-eabi/lib/thumb/v7-m/nofp/libc.a
LOAD /usr/lib/gcc/arm-none-eabi/13.2.1/thumb/v7-m/nofp/libgcc.a
LOAD /usr/lib/gcc/arm-none-eabi/13.2.1/../../../arm-none-eabi/lib/thumb/v7-m/nofp/libnosys.a
END GROUP
LOAD /home/luis/Documentos/T.R/stm32f103c8t6//rtos/libwwg/libwwg.a
LOAD /home/luis/Documentos/T.R/stm32f103c8t6/libopencm3/lib/libopencm3_stm32f1.a
START GROUP
LOAD /usr/lib/gcc/arm-none-eabi/13.2.1/thumb/v7-m/nofp/libgcc.a
LOAD /usr/lib/gcc/arm-none-eabi/13.2.1/../../../arm-none-eabi/lib/thumb/v7-m/nofp/libc.a
END GROUP
START GROUP
LOAD /usr/lib/gcc/arm-none-eabi/13.2.1/thumb/v7-m/nofp/libgcc.a
LOAD /usr/lib/gcc/arm-none-eabi/13.2.1/../../../arm-none-eabi/lib/thumb/v7-m/nofp/libc.a
LOAD /usr/lib/gcc/arm-none-eabi/13.2.1/../../../arm-none-eabi/lib/thumb/v7-m/nofp/libnosys.a
END GROUP

.text           0x08000000      0xd00
 *(.vectors)
 .vectors       0x08000000      0x150 /home/luis/Documentos/T.R/stm32f103c8t6/libopencm3/lib/libopencm3_stm32f1.a(vector.o)
                0x08000000                vector_table
 *(.text*)
 .text.task1    0x08000150       0x20 main.o
 .text.vApplicationStackOverflowHook
                0x08000170        0x2 main.o
                0x08000170                vApplicationStackOverflowHook
 *fill*         0x08000172        0x2 
 .text.startup.main
                0x08000174       0x40 main.o
                0x08000174                main
 .text.clock_setup
                0x080001b4        0x4 config.o
                0x080001b4                clock_setup
 .text.prvInsertBlockIntoFreeList
                0x080001b8       0x4c rtos/heap_4.o
 .text.pvPortMalloc
                0x08000204       0xf4 rtos/heap_4.o
                0x08000204                pvPortMalloc
 .text.vPortFree
                0x080002f8       0x4c rtos/heap_4.o
                0x080002f8                vPortFree
 .text.vListInitialise
                0x08000344       0x16 rtos/list.o
                0x08000344                vListInitialise
 .text.vListInitialiseItem
                0x0800035a        0x6 rtos/list.o
                0x0800035a                vListInitialiseItem
 .text.vListInsertEnd
                0x08000360       0x16 rtos/list.o
                0x08000360                vListInsertEnd
 .text.uxListRemove
                0x08000376       0x1e rtos/list.o
                0x08000376                uxListRemove
 .text.prvTaskExitError
                0x08000394       0x12 rtos/port.o
 *fill*         0x080003a6        0x2 
 .text.prvPortStartFirstTask
                0x080003a8       0x20 rtos/port.o
 .text.pxPortInitialiseStack
                0x080003c8       0x24 rtos/port.o
                0x080003c8                pxPortInitialiseStack
 *fill*         0x080003ec        0x4 
 .text.vPortSVCHandler
                0x080003f0       0x24 rtos/port.o
                0x080003f0                vPortSVCHandler
 .text.vPortEnterCritical
                0x08000414       0x20 rtos/port.o
                0x08000414                vPortEnterCritical
 .text.vPortExitCritical
                0x08000434       0x14 rtos/port.o
                0x08000434                vPortExitCritical
 *fill*         0x08000448        0x8 
 .text.xPortPendSVHandler
                0x08000450       0x44 rtos/port.o
                0x08000450                xPortPendSVHandler
 .text.xPortSysTickHandler
                0x08000494       0x2c rtos/port.o
                0x08000494                xPortSysTickHandler
 .text.vPortSetupTimerInterrupt
                0x080004c0       0x10 rtos/port.o
                0x080004c0                vPortSetupTimerInterrupt
 .text.xPortStartScheduler
                0x080004d0       0x34 rtos/port.o
                0x080004d0                xPortStartScheduler
 .text.prvIdleTask
                0x08000504       0x24 rtos/tasks.o
 .text.prvResetNextTaskUnblockTime
                0x08000528       0x24 rtos/tasks.o
 .text.xTaskCreate
                0x0800054c      0x198 rtos/tasks.o
                0x0800054c                xTaskCreate
 .text.vTaskStartScheduler
                0x080006e4       0x60 rtos/tasks.o
                0x080006e4                vTaskStartScheduler
 .text.vTaskSuspendAll
                0x08000744       0x10 rtos/tasks.o
                0x08000744                vTaskSuspendAll
 .text.xTaskIncrementTick
                0x08000754      0x11c rtos/tasks.o
                0x08000754                xTaskIncrementTick
 .text.xTaskResumeAll
                0x08000870       0xd8 rtos/tasks.o
                0x08000870                xTaskResumeAll
 .text.vTaskSwitchContext
                0x08000948       0x78 rtos/tasks.o
                0x08000948                vTaskSwitchContext
 .text.sv_call_handler
                0x080009c0        0x4 rtos/opencm3.o
                0x080009c0                sv_call_handler
 .text.pend_sv_handler
                0x080009c4        0x4 rtos/opencm3.o
                0x080009c4                pend_sv_handler
 .text.sys_tick_handler
                0x080009c8        0x4 rtos/opencm3.o
                0x080009c8                sys_tick_handler
 .text.gpio_set_mode
                0x080009cc       0x5e /home/luis/Documentos/T.R/stm32f103c8t6/libopencm3/lib/libopencm3_stm32f1.a(gpio.o)
                0x080009cc                gpio_set_mode
 .text.gpio_toggle
                0x08000a2a       0x12 /home/luis/Documentos/T.R/stm32f103c8t6/libopencm3/lib/libopencm3_stm32f1.a(gpio_common_all.o)
                0x08000a2a                gpio_toggle
 .text.rcc_is_osc_ready
                0x08000a3c       0x58 /home/luis/Documentos/T.R/stm32f103c8t6/libopencm3/lib/libopencm3_stm32f1.a(rcc.o)
                0x08000a3c                rcc_is_osc_ready
 .text.rcc_wait_for_osc_ready
                0x08000a94       0x10 /home/luis/Documentos/T.R/stm32f103c8t6/libopencm3/lib/libopencm3_stm32f1.a(rcc.o)
                0x08000a94                rcc_wait_for_osc_ready
 .text.rcc_osc_on
                0x08000aa4       0x60 /home/luis/Documentos/T.R/stm32f103c8t6/libopencm3/lib/libopencm3_stm32f1.a(rcc.o)
                0x08000aa4                rcc_osc_on
 .text.rcc_set_sysclk_source
                0x08000b04       0x14 /home/luis/Documentos/T.R/stm32f103c8t6/libopencm3/lib/libopencm3_stm32f1.a(rcc.o)
                0x08000b04                rcc_set_sysclk_source
 .text.rcc_set_pll_multiplication_factor
                0x08000b18       0x14 /home/luis/Documentos/T.R/stm32f103c8t6/libopencm3/lib/libopencm3_stm32f1.a(rcc.o)
                0x08000b18                rcc_set_pll_multiplication_factor
 .text.rcc_set_pll_source
                0x08000b2c       0x14 /home/luis/Documentos/T.R/stm32f103c8t6/libopencm3/lib/libopencm3_stm32f1.a(rcc.o)
                0x08000b2c                rcc_set_pll_source
 .text.rcc_set_pllxtpre
                0x08000b40       0x14 /home/luis/Documentos/T.R/stm32f103c8t6/libopencm3/lib/libopencm3_stm32f1.a(rcc.o)
                0x08000b40                rcc_set_pllxtpre
 .text.rcc_set_adcpre
                0x08000b54       0x14 /home/luis/Documentos/T.R/stm32f103c8t6/libopencm3/lib/libopencm3_stm32f1.a(rcc.o)
                0x08000b54                rcc_set_adcpre
 .text.rcc_set_ppre2
                0x08000b68       0x14 /home/luis/Documentos/T.R/stm32f103c8t6/libopencm3/lib/libopencm3_stm32f1.a(rcc.o)
                0x08000b68                rcc_set_ppre2
 .text.rcc_set_ppre1
                0x08000b7c       0x14 /home/luis/Documentos/T.R/stm32f103c8t6/libopencm3/lib/libopencm3_stm32f1.a(rcc.o)
                0x08000b7c                rcc_set_ppre1
 .text.rcc_set_hpre
                0x08000b90       0x14 /home/luis/Documentos/T.R/stm32f103c8t6/libopencm3/lib/libopencm3_stm32f1.a(rcc.o)
                0x08000b90                rcc_set_hpre
 .text.rcc_clock_setup_in_hse_8mhz_out_72mhz
                0x08000ba4       0x88 /home/luis/Documentos/T.R/stm32f103c8t6/libopencm3/lib/libopencm3_stm32f1.a(rcc.o)
                0x08000ba4                rcc_clock_setup_in_hse_8mhz_out_72mhz
 .text.rcc_periph_clock_enable
                0x08000c2c       0x1a /home/luis/Documentos/T.R/stm32f103c8t6/libopencm3/lib/libopencm3_stm32f1.a(rcc_common_all.o)
                0x08000c2c                rcc_periph_clock_enable
 .text.blocking_handler
                0x08000c46        0x2 /home/luis/Documentos/T.R/stm32f103c8t6/libopencm3/lib/libopencm3_stm32f1.a(vector.o)
                0x08000c46                usart3_isr
                0x08000c46                rtc_isr
                0x08000c46                tim7_isr
                0x08000c46                adc1_2_isr
                0x08000c46                tim1_trg_com_isr
                0x08000c46                usb_hp_can_tx_isr
                0x08000c46                tim6_isr
                0x08000c46                usb_wakeup_isr
                0x08000c46                blocking_handler
                0x08000c46                tim5_isr
                0x08000c46                otg_fs_isr
                0x08000c46                spi1_isr
                0x08000c46                exti2_isr
                0x08000c46                dma1_channel6_isr
                0x08000c46                can_rx1_isr
                0x08000c46                dma1_channel5_isr
                0x08000c46                dma2_channel5_isr
                0x08000c46                usart1_isr
                0x08000c46                usage_fault_handler
                0x08000c46                tim8_trg_com_isr
                0x08000c46                can2_rx0_isr
                0x08000c46                tim1_brk_isr
                0x08000c46                can2_rx1_isr
                0x08000c46                tim1_cc_isr
                0x08000c46                sdio_isr
                0x08000c46                eth_isr
                0x08000c46                dma1_channel4_isr
                0x08000c46                tim8_brk_isr
                0x08000c46                dma2_channel4_5_isr
                0x08000c46                pvd_isr
                0x08000c46                rcc_isr
                0x08000c46                flash_isr
                0x08000c46                uart4_isr
                0x08000c46                rtc_alarm_isr
                0x08000c46                exti15_10_isr
                0x08000c46                hard_fault_handler
                0x08000c46                exti1_isr
                0x08000c46                i2c1_ev_isr
                0x08000c46                dma2_channel1_isr
                0x08000c46                spi2_isr
                0x08000c46                tim8_up_isr
                0x08000c46                dma2_channel2_isr
                0x08000c46                exti3_isr
                0x08000c46                adc3_isr
                0x08000c46                tim3_isr
                0x08000c46                usart2_isr
                0x08000c46                usb_lp_can_rx0_isr
                0x08000c46                i2c2_er_isr
                0x08000c46                i2c2_ev_isr
                0x08000c46                uart5_isr
                0x08000c46                fsmc_isr
                0x08000c46                dma1_channel1_isr
                0x08000c46                exti4_isr
                0x08000c46                mem_manage_handler
                0x08000c46                can2_tx_isr
                0x08000c46                exti9_5_isr
                0x08000c46                dma2_channel3_isr
                0x08000c46                dma1_channel7_isr
                0x08000c46                tim1_up_isr
                0x08000c46                can2_sce_isr
                0x08000c46                tim4_isr
                0x08000c46                dma1_channel2_isr
                0x08000c46                i2c1_er_isr
                0x08000c46                can_sce_isr
                0x08000c46                tim8_cc_isr
                0x08000c46                tamper_isr
                0x08000c46                eth_wkup_isr
                0x08000c46                bus_fault_handler
                0x08000c46                wwdg_isr
                0x08000c46                dma1_channel3_isr
                0x08000c46                spi3_isr
                0x08000c46                tim2_isr
                0x08000c46                exti0_isr
 .text.null_handler
                0x08000c48        0x2 /home/luis/Documentos/T.R/stm32f103c8t6/libopencm3/lib/libopencm3_stm32f1.a(vector.o)
                0x08000c48                null_handler
                0x08000c48                debug_monitor_handler
                0x08000c48                nmi_handler
 *fill*         0x08000c4a        0x2 
 .text.reset_handler
                0x08000c4c       0x94 /home/luis/Documentos/T.R/stm32f103c8t6/libopencm3/lib/libopencm3_stm32f1.a(vector.o)
                0x08000c4c                reset_handler
 .text.flash_set_ws
                0x08000ce0       0x14 /home/luis/Documentos/T.R/stm32f103c8t6/libopencm3/lib/libopencm3_stm32f1.a(flash_common_all.o)
                0x08000ce0                flash_set_ws
                0x08000cf4                        . = ALIGN (0x4)
 *(.rodata*)
 .rodata.main.str1.1
                0x08000cf4        0x9 main.o
                                  0x4 (size before relaxing)
 .rodata.vTaskStartScheduler.str1.1
                0x08000cfd        0x5 rtos/tasks.o
                0x08000d04                        . = ALIGN (0x4)
 *fill*         0x08000cfd        0x3 

.glue_7         0x08000d00        0x0
 .glue_7        0x08000d00        0x0 linker stubs

.glue_7t        0x08000d00        0x0
 .glue_7t       0x08000d00        0x0 linker stubs

.vfp11_veneer   0x08000d00        0x0
 .vfp11_veneer  0x08000d00        0x0 linker stubs

.v4_bx          0x08000d00        0x0
 .v4_bx         0x08000d00        0x0 linker stubs

.iplt           0x08000d00        0x0
 .iplt          0x08000d00        0x0 main.o

.rel.dyn        0x08000d00        0x0
 .rel.iplt      0x08000d00        0x0 main.o

.preinit_array  0x08000d00        0x0
                0x08000d00                        . = ALIGN (0x4)
                0x08000d00                        __preinit_array_start = .
 *(.preinit_array)
                0x08000d00                        __preinit_array_end = .

.init_array     0x08000d00        0x0
                0x08000d00                        . = ALIGN (0x4)
                0x08000d00                        __init_array_start = .
 *(SORT_BY_NAME(.init_array.*))
 *(.init_array)
                0x08000d00                        __init_array_end = .

.fini_array     0x08000d00        0x0
                0x08000d00                        . = ALIGN (0x4)
                0x08000d00                        __fini_array_start = .
 *(.fini_array)
 *(SORT_BY_NAME(.fini_array.*))
                0x08000d00                        __fini_array_end = .

.ARM.extab
 *(.ARM.extab*)

.ARM.exidx      0x08000d00        0x0
                0x08000d00                        __exidx_start = .
 *(.ARM.exidx*)
                0x08000d00                        __exidx_end = .
                0x08000d00                        . = ALIGN (0x4)
                0x08000d00                        _etext = .

.data           0x20000000       0x10 load address 0x08000d00
                0x20000000                        _data = .
 *(.data*)
 .data.uxCriticalNesting
                0x20000000        0x4 rtos/port.o
 .data.rcc_ahb_frequency
                0x20000004        0x4 /home/luis/Documentos/T.R/stm32f103c8t6/libopencm3/lib/libopencm3_stm32f1.a(rcc.o)
                0x20000004                rcc_ahb_frequency
 .data.rcc_apb2_frequency
                0x20000008        0x4 /home/luis/Documentos/T.R/stm32f103c8t6/libopencm3/lib/libopencm3_stm32f1.a(rcc.o)
                0x20000008                rcc_apb2_frequency
 .data.rcc_apb1_frequency
                0x2000000c        0x4 /home/luis/Documentos/T.R/stm32f103c8t6/libopencm3/lib/libopencm3_stm32f1.a(rcc.o)
                0x2000000c                rcc_apb1_frequency
                0x20000010                        . = ALIGN (0x4)
                0x20000010                        _edata = .
                0x08000d00                        _data_loadaddr = LOADADDR (.data)

.igot.plt       0x20000010        0x0 load address 0x08000d10
 .igot.plt      0x20000010        0x0 main.o

.bss            0x20000010     0x44f0 load address 0x08000d10
 *(.bss*)
 .bss.xBlockAllocatedBit
                0x20000010        0x4 rtos/heap_4.o
 .bss.xMinimumEverFreeBytesRemaining
                0x20000014        0x4 rtos/heap_4.o
 .bss.xFreeBytesRemaining
                0x20000018        0x4 rtos/heap_4.o
 .bss.pxEnd     0x2000001c        0x4 rtos/heap_4.o
 .bss.xStart    0x20000020        0x8 rtos/heap_4.o
 .bss.ucHeap    0x20000028     0x4400 rtos/heap_4.o
 .bss.uxSchedulerSuspended
                0x20004428        0x4 rtos/tasks.o
 .bss.xIdleTaskHandle
                0x2000442c        0x4 rtos/tasks.o
 .bss.xNextTaskUnblockTime
                0x20004430        0x4 rtos/tasks.o
 .bss.uxTaskNumber
                0x20004434        0x4 rtos/tasks.o
 .bss.xNumOfOverflows
                0x20004438        0x4 rtos/tasks.o
 .bss.xYieldPending
                0x2000443c        0x4 rtos/tasks.o
 .bss.uxPendedTicks
                0x20004440        0x4 rtos/tasks.o
 .bss.xSchedulerRunning
                0x20004444        0x4 rtos/tasks.o
 .bss.uxTopReadyPriority
                0x20004448        0x4 rtos/tasks.o
 .bss.xTickCount
                0x2000444c        0x4 rtos/tasks.o
 .bss.uxCurrentNumberOfTasks
                0x20004450        0x4 rtos/tasks.o
 .bss.xPendingReadyList
                0x20004454       0x14 rtos/tasks.o
 .bss.pxOverflowDelayedTaskList
                0x20004468        0x4 rtos/tasks.o
 .bss.pxDelayedTaskList
                0x2000446c        0x4 rtos/tasks.o
 .bss.xDelayedTaskList2
                0x20004470       0x14 rtos/tasks.o
 .bss.xDelayedTaskList1
                0x20004484       0x14 rtos/tasks.o
 .bss.pxReadyTasksLists
                0x20004498       0x64 rtos/tasks.o
 .bss.pxCurrentTCB
                0x200044fc        0x4 rtos/tasks.o
                0x200044fc                pxCurrentTCB
 *(COMMON)
                0x20004500                        . = ALIGN (0x4)
                0x20004500                        _ebss = .

/DISCARD/
 *(.eh_frame)
                0x20004500                        . = ALIGN (0x4)
                0x20004500                        end = .
                0x20005000                        PROVIDE (_stack = (ORIGIN (ram) + LENGTH (ram)))
OUTPUT(main.elf elf32-littlearm)
LOAD linker stubs

.debug_info     0x00000000     0x4930
 .debug_info    0x00000000      0x467 main.o
 .debug_info    0x00000467       0x92 config.o
 .debug_info    0x000004f9      0x417 rtos/heap_4.o
 .debug_info    0x00000910      0x2a2 rtos/list.o
 .debug_info    0x00000bb2      0x30a rtos/port.o
 .debug_info    0x00000ebc     0x1752 rtos/tasks.o
 .debug_info    0x0000260e       0xde rtos/opencm3.o
 .debug_info    0x000026ec      0x1d1 /home/luis/Documentos/T.R/stm32f103c8t6/libopencm3/lib/libopencm3_stm32f1.a(gpio.o)
 .debug_info    0x000028bd      0x23a /home/luis/Documentos/T.R/stm32f103c8t6/libopencm3/lib/libopencm3_stm32f1.a(gpio_common_all.o)
 .debug_info    0x00002af7     0x14b6 /home/luis/Documentos/T.R/stm32f103c8t6/libopencm3/lib/libopencm3_stm32f1.a(rcc.o)
 .debug_info    0x00003fad      0x5e6 /home/luis/Documentos/T.R/stm32f103c8t6/libopencm3/lib/libopencm3_stm32f1.a(rcc_common_all.o)
 .debug_info    0x00004593      0x2b8 /home/luis/Documentos/T.R/stm32f103c8t6/libopencm3/lib/libopencm3_stm32f1.a(vector.o)
 .debug_info    0x0000484b       0xe5 /home/luis/Documentos/T.R/stm32f103c8t6/libopencm3/lib/libopencm3_stm32f1.a(flash_common_all.o)

.debug_abbrev   0x00000000     0x13fb
 .debug_abbrev  0x00000000      0x187 main.o
 .debug_abbrev  0x00000187       0x62 config.o
 .debug_abbrev  0x000001e9      0x243 rtos/heap_4.o
 .debug_abbrev  0x0000042c      0x103 rtos/list.o
 .debug_abbrev  0x0000052f      0x220 rtos/port.o
 .debug_abbrev  0x0000074f      0x41d rtos/tasks.o
 .debug_abbrev  0x00000b6c       0x81 rtos/opencm3.o
 .debug_abbrev  0x00000bed       0xd3 /home/luis/Documentos/T.R/stm32f103c8t6/libopencm3/lib/libopencm3_stm32f1.a(gpio.o)
 .debug_abbrev  0x00000cc0      0x117 /home/luis/Documentos/T.R/stm32f103c8t6/libopencm3/lib/libopencm3_stm32f1.a(gpio_common_all.o)
 .debug_abbrev  0x00000dd7      0x2bf /home/luis/Documentos/T.R/stm32f103c8t6/libopencm3/lib/libopencm3_stm32f1.a(rcc.o)
 .debug_abbrev  0x00001096      0x186 /home/luis/Documentos/T.R/stm32f103c8t6/libopencm3/lib/libopencm3_stm32f1.a(rcc_common_all.o)
 .debug_abbrev  0x0000121c      0x149 /home/luis/Documentos/T.R/stm32f103c8t6/libopencm3/lib/libopencm3_stm32f1.a(vector.o)
 .debug_abbrev  0x00001365       0x96 /home/luis/Documentos/T.R/stm32f103c8t6/libopencm3/lib/libopencm3_stm32f1.a(flash_common_all.o)

.debug_loclists
                0x00000000     0x1451
 .debug_loclists
                0x00000000       0x7a main.o
 .debug_loclists
                0x0000007a      0x2df rtos/heap_4.o
 .debug_loclists
                0x00000359       0x77 rtos/list.o
 .debug_loclists
                0x000003d0       0x82 rtos/port.o
 .debug_loclists
                0x00000452      0xa75 rtos/tasks.o
 .debug_loclists
                0x00000ec7       0xd5 /home/luis/Documentos/T.R/stm32f103c8t6/libopencm3/lib/libopencm3_stm32f1.a(gpio.o)
 .debug_loclists
                0x00000f9c       0x96 /home/luis/Documentos/T.R/stm32f103c8t6/libopencm3/lib/libopencm3_stm32f1.a(gpio_common_all.o)
 .debug_loclists
                0x00001032      0x2cb /home/luis/Documentos/T.R/stm32f103c8t6/libopencm3/lib/libopencm3_stm32f1.a(rcc.o)
 .debug_loclists
                0x000012fd       0x87 /home/luis/Documentos/T.R/stm32f103c8t6/libopencm3/lib/libopencm3_stm32f1.a(rcc_common_all.o)
 .debug_loclists
                0x00001384       0xb6 /home/luis/Documentos/T.R/stm32f103c8t6/libopencm3/lib/libopencm3_stm32f1.a(vector.o)
 .debug_loclists
                0x0000143a       0x17 /home/luis/Documentos/T.R/stm32f103c8t6/libopencm3/lib/libopencm3_stm32f1.a(flash_common_all.o)

.debug_aranges  0x00000000      0x558
 .debug_aranges
                0x00000000       0x30 main.o
 .debug_aranges
                0x00000030       0x20 config.o
 .debug_aranges
                0x00000050       0x48 rtos/heap_4.o
 .debug_aranges
                0x00000098       0x40 rtos/list.o
 .debug_aranges
                0x000000d8       0x70 rtos/port.o
 .debug_aranges
                0x00000148      0x100 rtos/tasks.o
 .debug_aranges
                0x00000248       0x30 rtos/opencm3.o
 .debug_aranges
                0x00000278       0x38 /home/luis/Documentos/T.R/stm32f103c8t6/libopencm3/lib/libopencm3_stm32f1.a(gpio.o)
 .debug_aranges
                0x000002b0       0x50 /home/luis/Documentos/T.R/stm32f103c8t6/libopencm3/lib/libopencm3_stm32f1.a(gpio_common_all.o)
 .debug_aranges
                0x00000300      0x170 /home/luis/Documentos/T.R/stm32f103c8t6/libopencm3/lib/libopencm3_stm32f1.a(rcc.o)
 .debug_aranges
                0x00000470       0x80 /home/luis/Documentos/T.R/stm32f103c8t6/libopencm3/lib/libopencm3_stm32f1.a(rcc_common_all.o)
 .debug_aranges
                0x000004f0       0x30 /home/luis/Documentos/T.R/stm32f103c8t6/libopencm3/lib/libopencm3_stm32f1.a(vector.o)
 .debug_aranges
                0x00000520       0x38 /home/luis/Documentos/T.R/stm32f103c8t6/libopencm3/lib/libopencm3_stm32f1.a(flash_common_all.o)

.debug_rnglists
                0x00000000      0x4a8
 .debug_rnglists
                0x00000000       0x1f main.o
 .debug_rnglists
                0x0000001f       0x13 config.o
 .debug_rnglists
                0x00000032       0x32 rtos/heap_4.o
 .debug_rnglists
                0x00000064       0x2b rtos/list.o
 .debug_rnglists
                0x0000008f       0x5b rtos/port.o
 .debug_rnglists
                0x000000ea      0x143 rtos/tasks.o
 .debug_rnglists
                0x0000022d       0x1f rtos/opencm3.o
 .debug_rnglists
                0x0000024c       0x25 /home/luis/Documentos/T.R/stm32f103c8t6/libopencm3/lib/libopencm3_stm32f1.a(gpio.o)
 .debug_rnglists
                0x00000271       0x37 /home/luis/Documentos/T.R/stm32f103c8t6/libopencm3/lib/libopencm3_stm32f1.a(gpio_common_all.o)
 .debug_rnglists
                0x000002a8      0x160 /home/luis/Documentos/T.R/stm32f103c8t6/libopencm3/lib/libopencm3_stm32f1.a(rcc.o)
 .debug_rnglists
                0x00000408       0x5b /home/luis/Documentos/T.R/stm32f103c8t6/libopencm3/lib/libopencm3_stm32f1.a(rcc_common_all.o)
 .debug_rnglists
                0x00000463       0x20 /home/luis/Documentos/T.R/stm32f103c8t6/libopencm3/lib/libopencm3_stm32f1.a(vector.o)
 .debug_rnglists
                0x00000483       0x25 /home/luis/Documentos/T.R/stm32f103c8t6/libopencm3/lib/libopencm3_stm32f1.a(flash_common_all.o)

.debug_line     0x00000000     0x3466
 .debug_line    0x00000000      0x1f1 main.o
 .debug_line    0x000001f1       0x93 config.o
 .debug_line    0x00000284      0x3cd rtos/heap_4.o
 .debug_line    0x00000651      0x218 rtos/list.o
 .debug_line    0x00000869      0x2a2 rtos/port.o
 .debug_line    0x00000b0b      0xfbf rtos/tasks.o
 .debug_line    0x00001aca       0x6b rtos/opencm3.o
 .debug_line    0x00001b35      0x293 /home/luis/Documentos/T.R/stm32f103c8t6/libopencm3/lib/libopencm3_stm32f1.a(gpio.o)
 .debug_line    0x00001dc8      0x27b /home/luis/Documentos/T.R/stm32f103c8t6/libopencm3/lib/libopencm3_stm32f1.a(gpio_common_all.o)
 .debug_line    0x00002043      0xc28 /home/luis/Documentos/T.R/stm32f103c8t6/libopencm3/lib/libopencm3_stm32f1.a(rcc.o)
 .debug_line    0x00002c6b      0x322 /home/luis/Documentos/T.R/stm32f103c8t6/libopencm3/lib/libopencm3_stm32f1.a(rcc_common_all.o)
 .debug_line    0x00002f8d      0x2ad /home/luis/Documentos/T.R/stm32f103c8t6/libopencm3/lib/libopencm3_stm32f1.a(vector.o)
 .debug_line    0x0000323a      0x22c /home/luis/Documentos/T.R/stm32f103c8t6/libopencm3/lib/libopencm3_stm32f1.a(flash_common_all.o)

.debug_str      0x00000000     0xef50
 .debug_str     0x00000000     0xef50 main.o
                                0x48a (size before relaxing)
 .debug_str     0x0000ef50      0x198 config.o
 .debug_str     0x0000ef50      0x367 rtos/heap_4.o
 .debug_str     0x0000ef50      0x2b6 rtos/list.o
 .debug_str     0x0000ef50      0x310 rtos/port.o
 .debug_str     0x0000ef50      0xb7c rtos/tasks.o
 .debug_str     0x0000ef50      0x1d9 rtos/opencm3.o
 .debug_str     0x0000ef50     0x8342 /home/luis/Documentos/T.R/stm32f103c8t6/libopencm3/lib/libopencm3_stm32f1.a(gpio.o)
 .debug_str     0x0000ef50     0x8340 /home/luis/Documentos/T.R/stm32f103c8t6/libopencm3/lib/libopencm3_stm32f1.a(gpio_common_all.o)
 .debug_str     0x0000ef50     0x7fa2 /home/luis/Documentos/T.R/stm32f103c8t6/libopencm3/lib/libopencm3_stm32f1.a(rcc.o)
 .debug_str     0x0000ef50     0x76a5 /home/luis/Documentos/T.R/stm32f103c8t6/libopencm3/lib/libopencm3_stm32f1.a(rcc_common_all.o)
 .debug_str     0x0000ef50     0x6391 /home/luis/Documentos/T.R/stm32f103c8t6/libopencm3/lib/libopencm3_stm32f1.a(vector.o)
 .debug_str     0x0000ef50     0x5290 /home/luis/Documentos/T.R/stm32f103c8t6/libopencm3/lib/libopencm3_stm32f1.a(flash_common_all.o)

.comment        0x00000000       0x26
 .comment       0x00000000       0x26 main.o
                                 0x27 (size before relaxing)
 .comment       0x00000026       0x27 config.o
 .comment       0x00000026       0x27 rtos/heap_4.o
 .comment       0x00000026       0x27 rtos/list.o
 .comment       0x00000026       0x27 rtos/port.o
 .comment       0x00000026       0x27 rtos/tasks.o
 .comment       0x00000026       0x27 rtos/opencm3.o
 .comment       0x00000026       0x27 /home/luis/Documentos/T.R/stm32f103c8t6/libopencm3/lib/libopencm3_stm32f1.a(gpio.o)
 .comment       0x00000026       0x27 /home/luis/Documentos/T.R/stm32f103c8t6/libopencm3/lib/libopencm3_stm32f1.a(gpio_common_all.o)
 .comment       0x00000026       0x27 /home/luis/Documentos/T.R/stm32f103c8t6/libopencm3/lib/libopencm3_stm32f1.a(rcc.o)
 .comment       0x00000026       0x27 /home/luis/Documentos/T.R/stm32f103c8t6/libopencm3/lib/libopencm3_stm32f1.a(rcc_common_all.o)
 .comment       0x00000026       0x27 /home/luis/Documentos/T.R/stm32f103c8t6/libopencm3/lib/libopencm3_stm32f1.a(vector.o)
 .comment       0x00000026       0x27 /home/luis/Documentos/T.R/stm32f103c8t6/libopencm3/lib/libopencm3_stm32f1.a(flash_common_all.o)

.ARM.attributes
                0x00000000       0x2d
 .ARM.attributes
                0x00000000       0x2d main.o
 .ARM.attributes
                0x0000002d       0x2d config.o
 .ARM.attributes
                0x0000005a       0x2d rtos/heap_4.o
 .ARM.attributes
                0x00000087       0x2d rtos/list.o
 .ARM.attributes
                0x000000b4       0x2d rtos/port.o
 .ARM.attributes
                0x000000e1       0x2d rtos/tasks.o
 .ARM.attributes
                0x0000010e       0x2d rtos/opencm3.o
 .ARM.attributes
                0x0000013b       0x2d /home/luis/Documentos/T.R/stm32f103c8t6/libopencm3/lib/libopencm3_stm32f1.a(gpio.o)
 .ARM.attributes
                0x00000168       0x2d /home/luis/Documentos/T.R/stm32f103c8t6/libopencm3/lib/libopencm3_stm32f1.a(gpio_common_all.o)
 .ARM.attributes
                0x00000195       0x2d /home/luis/Documentos/T.R/stm32f103c8t6/libopencm3/lib/libopencm3_stm32f1.a(rcc.o)
 .ARM.attributes
                0x000001c2       0x2d /home/luis/Documentos/T.R/stm32f103c8t6/libopencm3/lib/libopencm3_stm32f1.a(rcc_common_all.o)
 .ARM.attributes
                0x000001ef       0x2d /home/luis/Documentos/T.R/stm32f103c8t6/libopencm3/lib/libopencm3_stm32f1.a(vector.o)
 .ARM.attributes
                0x0000021c       0x2d /home/luis/Documentos/T.R/stm32f103c8t6/libopencm3/lib/libopencm3_stm32f1.a(flash_common_all.o)

.debug_frame    0x00000000      0xaf4
 .debug_frame   0x00000000       0x50 main.o
 .debug_frame   0x00000050       0x20 config.o
 .debug_frame   0x00000070       0x98 rtos/heap_4.o
 .debug_frame   0x00000108       0x6c rtos/list.o
 .debug_frame   0x00000174       0xd0 rtos/port.o
 .debug_frame   0x00000244      0x2fc rtos/tasks.o
 .debug_frame   0x00000540       0x40 rtos/opencm3.o
 .debug_frame   0x00000580       0x60 /home/luis/Documentos/T.R/stm32f103c8t6/libopencm3/lib/libopencm3_stm32f1.a(gpio.o)
 .debug_frame   0x000005e0       0x80 /home/luis/Documentos/T.R/stm32f103c8t6/libopencm3/lib/libopencm3_stm32f1.a(gpio_common_all.o)
 .debug_frame   0x00000660      0x318 /home/luis/Documentos/T.R/stm32f103c8t6/libopencm3/lib/libopencm3_stm32f1.a(rcc.o)
 .debug_frame   0x00000978       0xe0 /home/luis/Documentos/T.R/stm32f103c8t6/libopencm3/lib/libopencm3_stm32f1.a(rcc_common_all.o)
 .debug_frame   0x00000a58       0x4c /home/luis/Documentos/T.R/stm32f103c8t6/libopencm3/lib/libopencm3_stm32f1.a(vector.o)
 .debug_frame   0x00000aa4       0x50 /home/luis/Documentos/T.R/stm32f103c8t6/libopencm3/lib/libopencm3_stm32f1.a(flash_common_all.o)

.debug_macro    0x00000000     0x32f1
 .debug_macro   0x00000000       0x6f /home/luis/Documentos/T.R/stm32f103c8t6/libopencm3/lib/libopencm3_stm32f1.a(gpio.o)
 .debug_macro   0x0000006f      0xac0 /home/luis/Documentos/T.R/stm32f103c8t6/libopencm3/lib/libopencm3_stm32f1.a(gpio.o)
 .debug_macro   0x00000b2f       0x1c /home/luis/Documentos/T.R/stm32f103c8t6/libopencm3/lib/libopencm3_stm32f1.a(gpio.o)
 .debug_macro   0x00000b4b      0x34e /home/luis/Documentos/T.R/stm32f103c8t6/libopencm3/lib/libopencm3_stm32f1.a(gpio.o)
 .debug_macro   0x00000e99       0x22 /home/luis/Documentos/T.R/stm32f103c8t6/libopencm3/lib/libopencm3_stm32f1.a(gpio.o)
 .debug_macro   0x00000ebb       0xe8 /home/luis/Documentos/T.R/stm32f103c8t6/libopencm3/lib/libopencm3_stm32f1.a(gpio.o)
 .debug_macro   0x00000fa3       0x76 /home/luis/Documentos/T.R/stm32f103c8t6/libopencm3/lib/libopencm3_stm32f1.a(gpio.o)
 .debug_macro   0x00001019      0x1b4 /home/luis/Documentos/T.R/stm32f103c8t6/libopencm3/lib/libopencm3_stm32f1.a(gpio.o)
 .debug_macro   0x000011cd       0x76 /home/luis/Documentos/T.R/stm32f103c8t6/libopencm3/lib/libopencm3_stm32f1.a(gpio.o)
 .debug_macro   0x00001243      0xe2e /home/luis/Documentos/T.R/stm32f103c8t6/libopencm3/lib/libopencm3_stm32f1.a(gpio.o)
 .debug_macro   0x00002071       0x6f /home/luis/Documentos/T.R/stm32f103c8t6/libopencm3/lib/libopencm3_stm32f1.a(gpio_common_all.o)
 .debug_macro   0x000020e0       0x9e /home/luis/Documentos/T.R/stm32f103c8t6/libopencm3/lib/libopencm3_stm32f1.a(rcc.o)
 .debug_macro   0x0000217e       0x16 /home/luis/Documentos/T.R/stm32f103c8t6/libopencm3/lib/libopencm3_stm32f1.a(rcc.o)
 .debug_macro   0x00002194      0x8c6 /home/luis/Documentos/T.R/stm32f103c8t6/libopencm3/lib/libopencm3_stm32f1.a(rcc.o)
 .debug_macro   0x00002a5a       0xee /home/luis/Documentos/T.R/stm32f103c8t6/libopencm3/lib/libopencm3_stm32f1.a(rcc.o)
 .debug_macro   0x00002b48       0x82 /home/luis/Documentos/T.R/stm32f103c8t6/libopencm3/lib/libopencm3_stm32f1.a(rcc.o)
 .debug_macro   0x00002bca       0x85 /home/luis/Documentos/T.R/stm32f103c8t6/libopencm3/lib/libopencm3_stm32f1.a(rcc_common_all.o)
 .debug_macro   0x00002c4f       0x86 /home/luis/Documentos/T.R/stm32f103c8t6/libopencm3/lib/libopencm3_stm32f1.a(vector.o)
 .debug_macro   0x00002cd5      0x395 /home/luis/Documentos/T.R/stm32f103c8t6/libopencm3/lib/libopencm3_stm32f1.a(vector.o)
 .debug_macro   0x0000306a       0x6e /home/luis/Documentos/T.R/stm32f103c8t6/libopencm3/lib/libopencm3_stm32f1.a(vector.o)
 .debug_macro   0x000030d8      0x1a2 /home/luis/Documentos/T.R/stm32f103c8t6/libopencm3/lib/libopencm3_stm32f1.a(vector.o)
 .debug_macro   0x0000327a       0x77 /home/luis/Documentos/T.R/stm32f103c8t6/libopencm3/lib/libopencm3_stm32f1.a(flash_common_all.o)
